---
source: crates/runtime/tests/models/openai.rs
expression: "&response"
snapshot_kind: text
---
[{"total_records":10}]
