---
source: crates/runtime/tests/models/hf.rs
expression: normalize_embeddings_response(response)
---
{
  "data": [
    {
      "embedding": "array_384_items",
      "index": 0,
      "object": "embedding"
    }
  ],
  "model": "hf_minilm",
  "object": "list",
  "usage": {
    "prompt_tokens": 128,
    "total_tokens": 128
  }
}
