---
source: crates/runtime/tests/models/mod.rs
expression: response
---
+------------------------+------------------------------------------------------------------+
| task                   | input                                                            |
+------------------------+------------------------------------------------------------------+
| nsql                   | how many records (as 'total_records') are in taxi_trips dataset? |
| tool_use::table_schema | {"tables":["spice.public.taxi_trips"],"output":"full"}           |
| sql_query              | SELECT COUNT(*) AS total_records FROM "taxi_trips"               |
+------------------------+------------------------------------------------------------------+
